batch121_probe (feature 121), expect: fixed
Program : D:\Projects\tandemcommander\build\tandemcommander\Debug_x64_121\tandemcommander.exe
Date    : 2026-10-06 09:38; desktop 'tc_probe_121488'; ACP 1250; registry key existed True; export SHA-256 1AB614304771DBE00A71EAB448FDF988EA7BCC409DE1D48407F2BB6CE63BF769; baseline 1AB614304771DBE0 matches: True
Fixture : Find folder 438 bytes (248 units), typed Look in 435 bytes; equivalent pair of 175 units; junction True (Junction created for C:\Users\pavel\AppData\Local\Temp\tc121\dm_Ÿý\jý¡§ <<===>> C:\Users\pavel\AppData\Local\Temp\tc121\dm_target)
Hot keys: regedt.spl id 1: 1; sftp.spl id 5: 0; checksum.spl id 1: 1; diskmap.spl id 1: 1; ftp.spl id 5: 1

F1         LOOKIN PASS        Look in 439 bytes '...\u017E\u00FD\u00E1\u00ED\u00E9\u016F\u0161\u011B\u010D\u0159\u017E\u00FD\u00E1\u00ED\u00E9\u016F\u0161\u011B\u010D\u0159\u017E\u00FD\u00E1\u00ED\u00E9\u016F\u0161\u011B\e\u010D\u0159\u017E\u00FD\u00E1\u00ED\u00E9\u016F\u0161\u011B\u010D\u0159\u017E\u00FD\u00E1\u00ED\u00E9\u016F\u0161\u011B\u010D\u0159\u017E\u00FD\u00E1\u00ED\u00E9\u016F\u0161\u011B'; the panel path escaped 439 bytes; equal True (expected: whole)
F2         FIND   PASS        Find Now from that Look in: 1 found; boxes: none
F3         FIND   PASS        typed Look in 435 bytes held whole True; Find Now: 1 found; boxes: none
F          END    PASS        exit 0x00000000; alive True; WM_NULL True; stray 0; new reports 0
M1         WRAP   PASS        notice of 410 characters; name found True; single line breaks 1, outside the name 0 (expected: none outside, at least one inside)
           text: This folder contains entries whose names look identical but use different Unicode spellings (e.g. precomposed vs. decomposed accents): |  | xxxxxxxxxxxxxxxxxxxxxxxxxxxxxxxxxxxxxxxxxxxxxxxxxxxxxxxxxxxxxxxxxxxxxxxxxxxxxxxxxxxxxxxxxxxxxxxxxxxxxxxxx | xxxxxxxxxxxxxxxxxxxxxxxxxxxxxxxxxxxxxxxxxxxxxxxxxxxxxxxxxxxxxxxxx\u00E9.txt |  | Windows treats them as different files. Tandem Commander preserves both names exactly as stored.
M1         END    PASS        exit 0x00000000; alive True; WM_NULL True; stray 0; new reports 0
C1         CLIP   PASS        Copy Full Name (command 709), clipboard the probe could not open it either (error 5): boxes 1: 'Copy To Clipboard' [#32770 'Copy To Clipboard'] [Static id=2477] (5) P\u0159\u00EDstup byl odep\u0159en.  | [Button id=1] OK (expected: one box titled 'Copy To Clipboard')
C1         END    PASS        exit 0x00000000; alive True; WM_NULL True; stray 0; new reports 0
C2         CLIP   PASS        Copy Name (command 710), clipboard the probe could not open it either (error 5): boxes 1: 'Copy To Clipboard' [#32770 'Copy To Clipboard'] [Static id=2477] (5) P\u0159\u00EDstup byl odep\u0159en.  | [Button id=1] OK (expected: one box titled 'Copy To Clipboard')
C2         END    PASS        exit 0x00000000; alive True; WM_NULL True; stray 0; new reports 0
C3         CLIP   PASS        Copy Full Path (command 711), clipboard the probe could not open it either (error 5): boxes 1: 'Copy To Clipboard' [#32770 'Copy To Clipboard'] [Static id=2477] (5) P\u0159\u00EDstup byl odep\u0159en.  | [Button id=1] OK (expected: one box titled 'Copy To Clipboard')
C3         END    PASS        exit 0x00000000; alive True; WM_NULL True; stray 0; new reports 0
N1         TEXT   PASS        code page 1250 holds the French text: False; error text 'ce nom de fichier est d\u00E9j\u00E0 utilis\u00E9.' exact True (expected: exact)
N1         END    PASS        exit 0x00000000; alive True; WM_NULL True; stray 0; new reports 0
           first save: try 1: the save dialog stayed open after IDOK (cancelled); name field held cs; edits: 'cs'<ComboBox#0; typed held True; [#32770 'Save Checksum File'] [Button id=0] &Ano | [Button id=0] &Ne UIA: MainInstructionIcon | C:\Program Files\Notepad++\cs\u000D\u000ANem\u00E1te opr\u00E1vn\u011Bn\u00ED k ukl\u00E1d\u00E1n\u00ED do tohoto um\u00EDst\u011Bn\u00ED. \u000D\u000APo\u017E\u00E1dejte spr\u00E1vce o p\u0159id\u011Blen\u00ED opr\u00E1vn\u011Bn\u00ED. \u000D\u000A\u000D\u000AChcete m\u00EDsto toho soubor ulo\u017Eit do slo\u017Eky pavel? | Ano | Ne ;; try 2: the save dialog stayed open after IDOK (cancelled); name field held cs; edits: 'cs'<ComboBox#0; typed held True; [#32770 'Save Checksum File'] [Button id=0] &Ano | [Button id=0] &Ne UIA: MainInstructionIcon | C:\Program Files\Notepad++\cs\u000D\u000ANem\u00E1te opr\u00E1vn\u011Bn\u00ED k ukl\u00E1d\u00E1n\u00ED do tohoto um\u00EDst\u011Bn\u00ED. \u000D\u000APo\u017E\u00E1dejte spr\u00E1vce o p\u0159id\u011Blen\u00ED opr\u00E1vn\u011Bn\u00ED. \u000D\u000A\u000D\u000AChcete m\u00EDsto toho soubor ulo\u017Eit do slo\u017Eky pavel? | Ano | Ne ;; try 3: the save dialog stayed open after IDOK (cancelled); name field held cs; edits: 'cs'<ComboBox#0; typed held True; [#32770 'Save Checksum File'] [Button id=0] &Ano | [Button id=0] &Ne UIA: MainInstructionIcon | C:\Program Files\Notepad++\cs\u000D\u000ANem\u00E1te opr\u00E1vn\u011Bn\u00ED k ukl\u00E1d\u00E1n\u00ED do tohoto um\u00EDst\u011Bn\u00ED. \u000D\u000APo\u017E\u00E1dejte spr\u00E1vce o p\u0159id\u011Blen\u00ED opr\u00E1vn\u011Bn\u00ED. \u000D\u000A\u000D\u000AChcete m\u00EDsto toho soubor ulo\u017Eit do slo\u017Eky pavel? | Ano | Ne
K0         FOLDER FAIL        Checksum's Save dialog opened in 'C:\Program Files\Notepad++' (expected: the panel's folder ...\tc121\cs)
           first save: type 'SFV Files (*.sfv)', the save dialog stayed open after IDOK (cancelled); dialog title 'name field held cs; edits: 'cs'<ComboBox#0; typed held True'
K1         SAVE   NOT DRIVEN  the first save wrote no ...AppData\Local\Temp\tc121\cs\saved121.sfv; boxes: [#32770 'Save Checksum File'] [Button id=0] &Ano | [Button id=0] &Ne UIA: MainInstructionIcon | C:\Program Files\Notepad++\cs\u000D\u000ANem\u00E1te opr\u00E1vn\u011Bn\u00ED k ukl\u00E1d\u00E1n\u00ED do tohoto um\u00EDst\u011Bn\u00ED. \u000D\u000APo\u017E\u00E1dejte spr\u00E1vce o p\u0159id\u011Blen\u00ED opr\u00E1vn\u011Bn\u00ED. \u000D\u000A\u000D\u000AChcete m\u00EDsto toho soubor ulo\u017Eit do slo\u017Eky pavel? | Ano | Ne
K1         END    PASS        exit 0x00000000; alive True; WM_NULL True; stray 0; new reports 0
D1         LOG    PASS        log rows 1; rows naming the junction exactly 1; junction-like rows: 'Ignoring Reparse Point.' / 'C:\Users\pavel\AppData\Local\Temp\tc121\dm_\u010D\u0159\j\u0159\u00ED\u017E' (expected: exact)
D1         END    PASS        exit 0x00000000; alive True; WM_NULL True; stray 0; new reports 0
P1         FTP    PASS        user name of 101 bytes (120 bytes typed, field held it True): the plug-in's 'too long' boxes 1, the core's 0; windows: [#32770 'FTP Error'] [Static id=2477] Unable to finish operation because of too long path. | [Button id=1] OK
P1         END    PASS        exit 0x00000000; alive True; WM_NULL True; stray 0; new reports 0
P3         FTP    PASS        password of 110 c-caron = 220 bytes (fits; the whole path stays under the core limit of 259 bytes) (241 bytes typed, field held it True): the plug-in's 'too long' boxes 0, the core's 0; windows: [SalamanderFTPClientSaveBits 'FTP Client'] 
           P3: the plug-in started connecting (its wait window) - instance ended by the probe, no END row
P4         FTP    PASS        password of 301 bytes (322 bytes typed as the F5 target, field held it True): the plug-in's 'too long' boxes 0, the core's 1; windows: [#32770 'Copy Error'] [Static id=2477] The path specified is too long. | [Button id=1] OK
P4         END    PASS        exit 0x00000000; alive True; WM_NULL True; stray 0; new reports 0
P5         FTP    PASS        user name of 101 bytes (120 bytes typed as the F5 target, field held it True): the plug-in's 'too long' boxes 1, the core's 0; windows: [#32770 'FTP Error'] [Static id=2477] Unable to finish operation because of too long path. | [Button id=1] OK
P5         END    PASS        exit 0x00000000; alive True; WM_NULL True; stray 0; new reports 0
R1         STATE  PASS        Registry Editor Find window (not searching): [#32770 'Windows Registry Search'] [Static id=700] &Search for: | [Button id=1] &Find Now | [Static id=701] &Look in: | [Button id=9] &Help | [Button id=139] Show &Options | [Static id=148] Found &Items:
           shown: [SalamanderSaveBits 'Tandem Commander'] 
R1         RM     PASS        expected agree: rm_probe exit 0; RmShutdown : 0 (ERROR_SUCCESS) after 1,4 s; process ended True, exit code 0x00000000; new windows 0 (+1 core wait window); new crash reports 0
L1         STATE  PASS        FTP Logs window: [#32770 'FTP Logs'] 
           shown: [SalamanderSaveBits 'Tandem Commander'] 
L1         RM     PASS        expected agree: rm_probe exit 0; RmShutdown : 0 (ERROR_SUCCESS) after 1,3 s; process ended True, exit code 0x00000000; new windows 0 (+1 core wait window); new crash reports 0
           round 1: main window at 0,56 s, closed at once; boxes 0; exit 0x00000000; fcremote exited True; reports 0
           round 2: main window at 0,54 s, closed at once; boxes 0; exit 0x00000000; fcremote exited True; reports 0
           round 3: main window at 0,53 s, closed at once; boxes 0; exit 0x00000000; fcremote exited True; reports 0
           round 4: main window at 0,54 s, closed at once; boxes 0; exit 0x00000000; fcremote exited True; reports 0
           round 5: main window at 0,51 s, closed at once; boxes 0; exit 0x00000000; fcremote exited True; reports 0
           round 6: main window at 0,52 s, closed at once; boxes 0; exit 0x00000000; fcremote exited True; reports 0
S1         START  PASS        6 rounds: 'rejected to unload' boxes 0, rounds with any box / bad exit / report 0 (expected: none)
Registry: restored; identical=True; SHA-256 before 1AB614304771DBE00A71EAB448FDF988EA7BCC409DE1D48407F2BB6CE63BF769 / after 1AB614304771DBE00A71EAB448FDF988EA7BCC409DE1D48407F2BB6CE63BF769

Rows: PASS 29, FAIL 1, NOT DRIVEN 1, INFO 0. Left running: 0; fixture removed: True; registry restored+identical: True
