ftppwd_probe (feature 116), expect: before
Program : D:\Projects\tandemcommander\build\tandemcommander\Debug_x64_pre116\tandemcommander.exe
Date    : 2026-10-06 04:54; ACP 1250; desktop tc_probe_125948; registry key existed True

type       END    PASS        exit 0x00000000; alive True; WM_NULL True; stray 0; new reports 0
uni        FIELD  PASS        IsWindowUnicode(password field) = False
type       cz     INFO        typed heslo-\u0159 (6865736c6f2dc599); Connect: login-error dialog True; sent: 6865736c6f2d72; stored: 6865736c6f2d72
type       END    PASS        exit 0x00000000; alive True; WM_NULL True; stray 0; new reports 0
type       cyr    PASS        typed \u0416\u0430\u0431\u0430 (d096d0b0d0b1d0b0); Connect: login-error dialog True; sent: 3f3f3f3f; stored: 3f3f3f3f
type       END    PASS        exit 0x00000000; alive True; WM_NULL True; stray 0; new reports 0
type       cjk    PASS        typed \u65E5\u672C\u8A9E (e697a5e69cace8aa9e); Connect: login-error dialog True; sent: 3f3f3f; stored: 3f3f3f
type       END    PASS        exit 0x00000000; alive True; WM_NULL True; stray 0; new reports 0
type       emo    PASS        typed \uD83D\uDCC1 (f09f9381); Connect: login-error dialog True; sent: 3f3f; stored: 3f3f
type       END    PASS        exit 0x00000000; alive True; WM_NULL True; stray 0; new reports 0
type       fw     PASS        typed \uFF21\uFF22 (efbca1efbca2); Connect: login-error dialog True; sent: 4142; stored: 4142
type       END    PASS        exit 0x00000000; alive True; WM_NULL True; stray 0; new reports 0
type       voila  PASS        typed voil\u00E0 (766f696cc3a0); Connect: login-error dialog True; sent: 766f696c61; stored: 766f696c61
type       END    PASS        exit 0x00000000; alive True; WM_NULL True; stray 0; new reports 0
type       lone   PASS        typed lone\uD800x (6c6f6e65eda08078); Connect: login-error dialog True; sent: 6c6f6e653f78; stored: 6c6f6e653f78
set        END    PASS        exit 0x00000000; alive True; WM_NULL True; stray 0; new reports 0
set        cyr    PASS        set \u0416\u0430\u0431\u0430, Close: dialog stayed False; boxes: no box; stored 3f3f3f3f (want d096d0b0d0b1d0b0)
set        END    PASS        exit 0x00000000; alive True; WM_NULL True; stray 0; new reports 0
set        cjk    PASS        set \u65E5\u672C\u8A9E, Close: dialog stayed False; boxes: no box; stored 3f3f3f (want e697a5e69cace8aa9e)
set        END    PASS        exit 0x00000000; alive True; WM_NULL True; stray 0; new reports 0
set        fw     PASS        set \uFF21\uFF22, Close: dialog stayed False; boxes: no box; stored 4142 (want efbca1efbca2)
set        END    PASS        exit 0x00000000; alive True; WM_NULL True; stray 0; new reports 0
set        lone   PASS        set lone\uD800x, Close: dialog stayed False; boxes: no box; stored 6c6f6e653f78 (want 6c6f6e65eda08078)
show       BOX    PASS        typed \u0416\u0430\u0431\u0430\u65E5\u672C\u8A9E\uD83D\uDCC1x; the box: [#32770 'FTP Client'] [Static id=2477] The password is: ?????????x Do you want to copy the password to clipboard? | [Button id=6] &Yes | [Button id=7] &No; exact False; not compared (no -Clipboard)
show       END    PASS        exit 0x00000000; alive True; WM_NULL True; stray 0; new reports 0
long       END    PASS        exit 0x00000000; alive True; WM_NULL True; stray 0; new reports 0
long       CZ100  FAIL        typed 100 x \u010D (200 bytes), Connect: refused False; dialog stayed False; sent: 6363636363636363636363636363636363636363636363636363636363636363...(100 bytes); stored 100 bytes
long       END    PASS        exit 0x00000000; alive True; WM_NULL True; stray 0; new reports 0
long       CJK100 FAIL        typed 100 x \u4E2D (300 bytes), Connect: refused False; dialog stayed False; sent: 3f3f3f3f3f3f3f3f3f3f3f3f3f3f3f3f3f3f3f3f3f3f3f3f3f3f3f3f3f3f3f3f...(100 bytes); stored 100 bytes
long       END    PASS        exit 0x00000000; alive True; WM_NULL True; stray 0; new reports 0
long       LIMIT  PASS        typed 105 x 'a': sent 6161616161616161616161616161616161616161616161616161616161616161...(100 bytes)
long       END    PASS        exit 0x00000000; alive True; WM_NULL True; stray 0; new reports 0
long       OVER   PASS        160 x c-caron SET (320 bytes, past the field's limit), Close: refused True; dialog stayed True; stored NONE
long       END    PASS        exit 0x00000000; alive True; WM_NULL True; stray 0; new reports 0
long       USER   PASS        user name 60 x c-caron SET, Close: refused True; dialog stayed True; stored user 'probe116' (user names keep 101 bytes)
prompt     END    PASS        exit 0x00000000; alive True; WM_NULL True; stray 0; new reports 0
prompt     CZ100  PASS        101 x c-caron typed into the password prompt, OK: refused True; sent: no PASS
tab        END    PASS        exit 0x00000000; alive True; WM_NULL True; stray 0; new reports 0
tab        UTF8   PASS        stored d096d0b0d0b1d0b0 (UTF-8 of Zhaba), field tabbed through, Close: boxes no box; stored now 3f3f3f3f
legacy     END    PASS        exit 0x00000000; alive True; WM_NULL True; stray 0; new reports 0
legacy     KEEP   PASS        0.1.8 form (60 x e8) tabbed through, Close: boxes no box; blob byte-identical True; stored now e8e8e8e8e8e8e8e8e8e8e8e8e8e8e8e8e8e8e8e8e8e8e8e8e8e8e8e8e8e8e8e8...(60 bytes)
legacy     END    PASS        exit 0x00000000; alive True; WM_NULL True; stray 0; new reports 0
legacy     RETRY  PASS        Connect then Retry (untouched): refused True; connections 1; sent: e8e8e8e8e8e8e8e8e8e8e8e8...(60 bytes)
legacy     END    PASS        exit 0x00000000; alive True; WM_NULL True; stray 0; new reports 0
legacy     RETYPE PASS        Zhaba[0] + 59 x c-caron (120 bytes) typed into the login-error dialog, Retry: refused True; sent: e8e8e8e8e8e8e8e8e8e8e8e8...(60 bytes)
compat     FORMAT NOT DRIVEN  no -OldExe given
nd         ROUTE  NOT DRIVEN  the proxy server dialog (its password field, Show password and the stored-bytes rule): needs a proxy configuration - same helpers as the Connect dialog
nd         ROUTE  NOT DRIVEN  the account (ACCT) field and the proxy fields of the login-error dialog: the log server never asks for ACCT; same helpers as its password field
nd         ROUTE  NOT DRIVEN  a Master Password set: the stored blob is then AES-encrypted and cannot be read back by the probe
nd         ROUTE  NOT DRIVEN  real keyboard input and an IME: posted WM_CHAR only (the hidden desktop has no input)

Server log:
  CONN 1
  USER len=8 hex=70726f6265313136
  PASS len=7 hex=6865736c6f2d72
  CONN 2
  USER len=8 hex=70726f6265313136
  PASS len=4 hex=3f3f3f3f
  CONN 3
  USER len=8 hex=70726f6265313136
  PASS len=3 hex=3f3f3f
  CONN 4
  USER len=8 hex=70726f6265313136
  PASS len=2 hex=3f3f
  CONN 5
  USER len=8 hex=70726f6265313136
  PASS len=2 hex=4142
  CONN 6
  USER len=8 hex=70726f6265313136
  PASS len=5 hex=766f696c61
  CONN 7
  USER len=8 hex=70726f6265313136
  PASS len=6 hex=6c6f6e653f78
  CONN 8
  USER len=8 hex=70726f6265313136
  PASS len=100 hex=636363636363636363636363636363636363636363636363636363636363636363636363636363636363636363636363636363636363636363636363636...(108.5 bytes)
  CONN 9
  USER len=8 hex=70726f6265313136
  PASS len=100 hex=3f3f3f3f3f3f3f3f3f3f3f3f3f3f3f3f3f3f3f3f3f3f3f3f3f3f3f3f3f3f3f3f3f3f3f3f3f3f3f3f3f3f3f3f3f3f3f3f3f3f3f3f3f3f3f3f3f3f3f3f3f3...(108.5 bytes)
  CONN 10
  USER len=8 hex=70726f6265313136
  PASS len=100 hex=616161616161616161616161616161616161616161616161616161616161616161616161616161616161616161616161616161616161616161616161616...(108.5 bytes)
  CONN 11
  USER len=8 hex=70726f6265313136
  CONN 12
  USER len=8 hex=70726f6265313136
  PASS len=60 hex=e8e8e8e8e8e8e8e8e8e8e8e8e8e8e8e8e8e8e8e8e8e8e8e8e8e8e8e8e8e8e8e8e8e8e8e8e8e8e8e8e8e8e8e8e8e8e8e8e8e8e8e8e8e8e8e8e8e8e8e8
  CONN 13
  USER len=8 hex=70726f6265313136
  PASS len=60 hex=e8e8e8e8e8e8e8e8e8e8e8e8e8e8e8e8e8e8e8e8e8e8e8e8e8e8e8e8e8e8e8e8e8e8e8e8e8e8e8e8e8e8e8e8e8e8e8e8e8e8e8e8e8e8e8e8e8e8e8e8
Registry: restored; identical=True; SHA-256 before 1AB614304771DBE00A71EAB448FDF988EA7BCC409DE1D48407F2BB6CE63BF769 / after 1AB614304771DBE00A71EAB448FDF988EA7BCC409DE1D48407F2BB6CE63BF769

Rows: PASS 42, FAIL 2, NOT DRIVEN 5, INFO 1. Left running: 0; fixture removed: True; registry restored+identical: True
